 Image code-management-full-api:75661c6 Building 
#1 [internal] load local bake definitions
#1 reading from stdin 1.75kB done
#1 DONE 0.0s

#2 [internal] load build definition from backend.Dockerfile
#2 transferring dockerfile: 2.54kB done
#2 DONE 0.0s

#3 [internal] load metadata for docker.io/library/python:3.12-slim
#3 DONE 1.0s

#4 [internal] load .dockerignore
#4 transferring context: 289B done
#4 DONE 0.0s

#5 [runtime  5/19] ADD --checksum=sha256:e57f64187974277726a3417ca6f181ec5403676c717672eef6a748a7b20e0106 https://raw.githubusercontent.com/nltk/nltk_data/550b6625bcef1f2abff2ff770a5a0d272c9c6b2a/packages/tokenizers/punkt_tab.zip /tmp/punkt_tab.zip
#5 DONE 0.0s

#6 [builder 1/6] FROM docker.io/library/python:3.12-slim@sha256:2f17fc044b579bab302c2e8054d3a686e2cb9a83de48e70534b94cd8ebbe06a9
#6 resolve docker.io/library/python:3.12-slim@sha256:2f17fc044b579bab302c2e8054d3a686e2cb9a83de48e70534b94cd8ebbe06a9 done
#6 DONE 0.0s

#7 [internal] load build context
#7 transferring context: 22.69kB 0.0s done
#7 DONE 0.0s

#8 [builder 5/6] COPY extensions/requirements.txt /build/catalog-requirements.txt
#8 CACHED

#9 [builder 4/6] COPY upstream/backend /build/backend
#9 CACHED

#10 [runtime  6/19] RUN python -m zipfile -e /tmp/punkt_tab.zip /usr/local/share/nltk_data/tokenizers && rm /tmp/punkt_tab.zip
#10 CACHED

#11 [builder 6/6] RUN pip install --no-cache-dir --prefix=/install /build/backend -r /build/catalog-requirements.txt
#11 CACHED

#12 [runtime  4/19] COPY --from=builder /install /usr/local
#12 CACHED

#13 [runtime  5/19] ADD --checksum=sha256:e57f64187974277726a3417ca6f181ec5403676c717672eef6a748a7b20e0106 https://raw.githubusercontent.com/nltk/nltk_data/550b6625bcef1f2abff2ff770a5a0d272c9c6b2a/packages/tokenizers/punkt_tab.zip /tmp/punkt_tab.zip
#13 CACHED

#14 [runtime  3/19] WORKDIR /app
#14 CACHED

#15 [runtime  2/19] RUN apt-get update && apt-get install -y --no-install-recommends libglib2.0-0 libgl1     && rm -rf /var/lib/apt/lists/*     && groupadd --gid 10001 appuser     && useradd --uid 10001 --gid 10001 --create-home appuser
#15 CACHED

#16 [builder 3/6] RUN apt-get update && apt-get install -y --no-install-recommends build-essential git     && rm -rf /var/lib/apt/lists/*
#16 CACHED

#17 [builder 2/6] WORKDIR /build
#17 CACHED

#18 [runtime  7/19] COPY --chown=10001:10001 upstream/backend /app
#18 CACHED

#19 [runtime  8/19] COPY --chown=10001:10001 extensions/code_agent /app/code_agent
#19 DONE 0.1s

#20 [runtime  9/19] COPY deploy/patch_backend.py /tmp/patch_backend.py
#20 DONE 0.0s

#21 [runtime 10/19] RUN python /tmp/patch_backend.py /app
#21 DONE 0.2s

#22 [runtime 11/19] COPY deploy/patch_provider.py /tmp/patch_provider.py
#22 DONE 0.0s

#23 [runtime 12/19] RUN python /tmp/patch_provider.py /app
#23 DONE 0.2s

#24 [runtime 13/19] COPY deploy/patch_local_access.py /tmp/patch_local_access.py
#24 DONE 0.0s

#25 [runtime 14/19] RUN python /tmp/patch_local_access.py /app
#25 DONE 0.2s

#26 [runtime 15/19] COPY deploy/patch_chunking.py /tmp/patch_chunking.py
#26 DONE 0.0s

#27 [runtime 16/19] RUN python /tmp/patch_chunking.py /app
#27 DONE 0.2s

#28 [runtime 17/19] COPY deploy/patch_monitoring.py /tmp/patch_monitoring.py
#28 DONE 0.0s

#29 [runtime 18/19] RUN python /tmp/patch_monitoring.py /app
#29 DONE 0.2s

#30 [runtime 19/19] RUN mkdir -p /app/uploads /app/run /watch /home/appuser/.cache /app/private-settings     && chown -R 10001:10001 /app/uploads /app/run /watch /home/appuser/.cache /app/private-settings
#30 DONE 0.3s

#31 exporting to image
#31 exporting layers
#31 exporting layers 0.9s done
#31 exporting manifest sha256:03f4ab9eb6b5deed588ba8c7f99c5724c60150c29fc6c5e1ed572c22770660b7 0.0s done
#31 exporting config sha256:041ef3c3883135ca3cb99cd88583266ebdd8df643dbf4c12f95fb152d1331b47 done
#31 exporting attestation manifest sha256:0b88a6a02848bc85eaa119eeb392219c38ebd462a9fea9752438216e90ffe7f5 0.0s done
#31 exporting manifest list sha256:45a1ba2401bf4d75512021f0b1ac846bc8c5ea6201074c846a50fdbced0fec50 done
#31 naming to docker.io/library/code-management-full-api:75661c6 done
#31 unpacking to docker.io/library/code-management-full-api:75661c6
#31 unpacking to docker.io/library/code-management-full-api:75661c6 0.2s done
#31 DONE 1.2s

#32 resolving provenance for metadata file
#32 DONE 0.0s
 Image code-management-full-api:75661c6 Built 
