 Image code-management-full-rag-frontend Building 
 Image code-management-full-api:75661c6 Building 
#1 [internal] load local bake definitions
#1 reading from stdin 2.35kB done
#1 DONE 0.0s

#2 [rag-api internal] load build definition from backend.Dockerfile
#2 transferring dockerfile: 2.44kB done
#2 DONE 0.0s

#3 [rag-frontend internal] load build definition from frontend.Dockerfile
#3 transferring dockerfile: 2.27kB done
#3 DONE 0.0s

#4 [rag-frontend internal] load metadata for docker.io/library/node:22-alpine
#4 ...

#5 [rag-api internal] load metadata for docker.io/library/python:3.12-slim
#5 DONE 0.8s

#6 [rag-api internal] load .dockerignore
#6 transferring context: 289B done
#6 DONE 0.0s

#7 [rag-api runtime  5/17] ADD --checksum=sha256:e57f64187974277726a3417ca6f181ec5403676c717672eef6a748a7b20e0106 https://raw.githubusercontent.com/nltk/nltk_data/550b6625bcef1f2abff2ff770a5a0d272c9c6b2a/packages/tokenizers/punkt_tab.zip /tmp/punkt_tab.zip
#7 DONE 0.0s

#8 [rag-api builder 1/6] FROM docker.io/library/python:3.12-slim@sha256:2f17fc044b579bab302c2e8054d3a686e2cb9a83de48e70534b94cd8ebbe06a9
#8 resolve docker.io/library/python:3.12-slim@sha256:2f17fc044b579bab302c2e8054d3a686e2cb9a83de48e70534b94cd8ebbe06a9 done
#8 DONE 0.0s

#9 [rag-api internal] load build context
#9 transferring context: 111.88kB 0.0s done
#9 DONE 0.0s

#10 [rag-api runtime  3/17] WORKDIR /app
#10 CACHED

#11 [rag-api builder 4/6] COPY upstream/backend /build/backend
#11 CACHED

#12 [rag-api builder 3/6] RUN apt-get update && apt-get install -y --no-install-recommends build-essential git     && rm -rf /var/lib/apt/lists/*
#12 CACHED

#13 [rag-api builder 6/6] RUN pip install --no-cache-dir --prefix=/install /build/backend -r /build/catalog-requirements.txt
#13 CACHED

#14 [rag-api runtime  4/17] COPY --from=builder /install /usr/local
#14 CACHED

#15 [rag-api runtime  5/17] ADD --checksum=sha256:e57f64187974277726a3417ca6f181ec5403676c717672eef6a748a7b20e0106 https://raw.githubusercontent.com/nltk/nltk_data/550b6625bcef1f2abff2ff770a5a0d272c9c6b2a/packages/tokenizers/punkt_tab.zip /tmp/punkt_tab.zip
#15 CACHED

#16 [rag-api runtime  6/17] RUN python -m zipfile -e /tmp/punkt_tab.zip /usr/local/share/nltk_data/tokenizers && rm /tmp/punkt_tab.zip
#16 CACHED

#17 [rag-api builder 2/6] WORKDIR /build
#17 CACHED

#18 [rag-api runtime  2/17] RUN apt-get update && apt-get install -y --no-install-recommends libglib2.0-0 libgl1     && rm -rf /var/lib/apt/lists/*     && groupadd --gid 10001 appuser     && useradd --uid 10001 --gid 10001 --create-home appuser
#18 CACHED

#19 [rag-api builder 5/6] COPY extensions/requirements.txt /build/catalog-requirements.txt
#19 CACHED

#20 [rag-api runtime  7/17] COPY --chown=10001:10001 upstream/backend /app
#20 CACHED

#21 [rag-api runtime  8/17] COPY --chown=10001:10001 extensions/code_agent /app/code_agent
#21 DONE 0.0s

#4 [rag-frontend internal] load metadata for docker.io/library/node:22-alpine
#4 ...

#22 [rag-api runtime  9/17] COPY deploy/patch_backend.py /tmp/patch_backend.py
#22 DONE 0.0s

#23 [rag-api runtime 10/17] RUN python /tmp/patch_backend.py /app
#23 DONE 0.2s

#4 [rag-frontend internal] load metadata for docker.io/library/node:22-alpine
#4 ...

#24 [rag-api runtime 11/17] COPY deploy/patch_provider.py /tmp/patch_provider.py
#24 DONE 0.0s

#25 [rag-api runtime 12/17] RUN python /tmp/patch_provider.py /app
#25 DONE 0.2s

#4 [rag-frontend internal] load metadata for docker.io/library/node:22-alpine
#4 DONE 1.4s

#6 [rag-frontend internal] load .dockerignore
#6 transferring context: 289B done
#6 DONE 0.0s

#26 [rag-api runtime 13/17] COPY deploy/patch_local_access.py /tmp/patch_local_access.py
#26 DONE 0.0s

#27 [rag-frontend internal] load build context
#27 DONE 0.0s

#28 [rag-frontend builder  1/29] FROM docker.io/library/node:22-alpine@sha256:b6f26b36c8ff49624cfdac716b8ea1138d606df02586a77d364bb5536a634f85
#28 resolve docker.io/library/node:22-alpine@sha256:b6f26b36c8ff49624cfdac716b8ea1138d606df02586a77d364bb5536a634f85 0.0s done
#28 DONE 0.0s

#29 [rag-api runtime 14/17] RUN python /tmp/patch_local_access.py /app
#29 DONE 0.2s

#27 [rag-frontend internal] load build context
#27 transferring context: 856.69kB 0.0s done
#27 DONE 0.0s

#30 [rag-frontend builder  2/29] WORKDIR /app
#30 CACHED

#31 [rag-frontend builder  3/29] COPY upstream/frontend/package.json upstream/frontend/pnpm-lock.yaml ./
#31 CACHED

#32 [rag-frontend builder  4/29] RUN corepack enable && pnpm install --frozen-lockfile
#32 CACHED

#33 [rag-frontend builder  5/29] COPY upstream/frontend ./
#33 CACHED

#34 [rag-frontend builder  6/29] COPY extensions/frontend ./
#34 DONE 0.0s

#35 [rag-frontend builder  7/29] COPY deploy/patch_frontend.mjs /tmp/patch_frontend.mjs
#35 DONE 0.0s

#36 [rag-frontend builder  8/29] RUN node /tmp/patch_frontend.mjs
#36 DONE 0.2s

#37 [rag-api runtime 15/17] COPY deploy/patch_chunking.py /tmp/patch_chunking.py
#37 DONE 0.0s

#38 [rag-api runtime 16/17] RUN python /tmp/patch_chunking.py /app
#38 DONE 0.2s

#39 [rag-frontend builder  9/29] COPY deploy/patch_provider_frontend.mjs /tmp/patch_provider_frontend.mjs
#39 DONE 0.0s

#40 [rag-frontend builder 10/29] RUN node /tmp/patch_provider_frontend.mjs
#40 DONE 0.1s

#41 [rag-api runtime 17/17] RUN mkdir -p /app/uploads /app/run /watch /home/appuser/.cache /app/private-settings     && chown -R 10001:10001 /app/uploads /app/run /watch /home/appuser/.cache /app/private-settings
#41 DONE 0.2s

#42 [rag-frontend builder 11/29] COPY deploy/patch_experience.mjs /tmp/patch_experience.mjs
#42 DONE 0.0s

#43 [rag-frontend builder 12/29] RUN node /tmp/patch_experience.mjs
#43 DONE 0.2s

#44 [rag-api] exporting to image
#44 exporting layers
#44 ...

#45 [rag-frontend builder 13/29] COPY deploy/patch_local_access_frontend.mjs /tmp/patch_local_access_frontend.mjs
#45 DONE 0.1s

#46 [rag-frontend builder 14/29] RUN node /tmp/patch_local_access_frontend.mjs
#46 DONE 0.1s

#44 [rag-api] exporting to image
#44 exporting layers 0.2s done
#44 exporting manifest sha256:bf1956d2417889655f9f7a4d21a8cfdf44f1e97380d821795dd2e9e3c28ff482 0.0s done
#44 exporting config sha256:0b849e711721dd12558008d7f6ce0d6758de5886736f6d57271218cc88c0cc7b done
#44 exporting attestation manifest sha256:77aa8352ec0fb4cd6e12be74abac8bfd24c84765da41cca19825af5d88f531e8 done
#44 exporting manifest list sha256:9f63cd796dbd766e36c020783c1290a30b57909c09b556825320396f01346b78 0.0s done
#44 naming to docker.io/library/code-management-full-api:75661c6 done
#44 unpacking to docker.io/library/code-management-full-api:75661c6
#44 unpacking to docker.io/library/code-management-full-api:75661c6 0.1s done
#44 DONE 0.5s

#47 [rag-frontend builder 15/29] COPY deploy/patch_settings_availability_frontend.mjs /tmp/patch_settings_availability_frontend.mjs
#47 DONE 0.0s

#48 [rag-frontend builder 16/29] RUN node /tmp/patch_settings_availability_frontend.mjs
#48 DONE 0.1s

#49 [rag-frontend builder 17/29] COPY deploy/patch_settings_selection_frontend.mjs /tmp/patch_settings_selection_frontend.mjs
#49 DONE 0.0s

#50 [rag-api] resolving provenance for metadata file
#50 DONE 0.0s

#51 [rag-frontend builder 18/29] RUN node /tmp/patch_settings_selection_frontend.mjs
#51 DONE 0.1s

#52 [rag-frontend builder 19/29] COPY deploy/patch_chunking_frontend.mjs /tmp/patch_chunking_frontend.mjs
#52 DONE 0.0s

#53 [rag-frontend builder 20/29] RUN node /tmp/patch_chunking_frontend.mjs
#53 DONE 0.1s

#54 [rag-frontend builder 21/29] COPY deploy/patch_watcher_frontend.mjs /tmp/patch_watcher_frontend.mjs
#54 DONE 0.0s

#55 [rag-frontend builder 22/29] RUN node /tmp/patch_watcher_frontend.mjs
#55 DONE 0.1s

#56 [rag-frontend builder 23/29] COPY deploy/patch_evaluation_frontend.mjs /tmp/patch_evaluation_frontend.mjs
#56 DONE 0.0s

#57 [rag-frontend builder 24/29] RUN node /tmp/patch_evaluation_frontend.mjs
#57 DONE 0.1s

#58 [rag-frontend builder 25/29] COPY deploy/patch_proxy_timeout_frontend.mjs /tmp/patch_proxy_timeout_frontend.mjs
#58 DONE 0.0s

#59 [rag-frontend builder 26/29] RUN node /tmp/patch_proxy_timeout_frontend.mjs
#59 0.123 {"patch":"catalogue-proxy-timeout","file":"next.config.ts","before":"0ed1b0792c7b45f37cad9f66b9653760e17015dd512219e79a56bc28a570e4e3","after":"d51032de16f200130b0e17a2192d980940e7e01168e9632e5a70ca0991ee52f7"}
#59 DONE 0.1s

#60 [rag-frontend builder 27/29] COPY deploy/patch_catalog_surfaces.mjs /tmp/patch_catalog_surfaces.mjs
#60 DONE 0.0s

#61 [rag-frontend builder 28/29] RUN node /tmp/patch_catalog_surfaces.mjs
#61 DONE 0.1s

#62 [rag-frontend builder 29/29] RUN mkdir -p public && pnpm build
#62 0.363 
#62 0.363 > frontend@0.1.0 build /app
#62 0.363 > next build
#62 0.363 
#62 0.758 ▲ Next.js 16.2.6 (Turbopack)
#62 0.759 - Experiments (use with caution):
#62 0.759   · proxyTimeout: 300000
#62 0.759 
#62 0.777   Creating an optimized production build ...
#62 4.804 ✓ Compiled successfully in 3.8s
#62 4.815   Running TypeScript ...
#62 32.17   Finished TypeScript in 27.4s ...
#62 32.18   Collecting page data using 9 workers ...
#62 32.81   Generating static pages using 9 workers (0/28) ...
#62 33.04   Generating static pages using 9 workers (7/28) 
#62 33.09   Generating static pages using 9 workers (14/28) 
#62 33.19   Generating static pages using 9 workers (21/28) 
#62 33.19 ✓ Generating static pages using 9 workers (28/28) in 381ms
#62 33.20   Finalizing page optimization ...
#62 33.67 
#62 33.67 Route (app)
#62 33.67 ┌ ○ /
#62 33.67 ├ ○ /_not-found
#62 33.67 ├ ○ /codes
#62 33.67 ├ ○ /documents
#62 33.67 ├ ƒ /documents/[id]
#62 33.67 ├ ○ /evaluation
#62 33.67 ├ ○ /evaluation/compare
#62 33.67 ├ ○ /evaluation/datasets
#62 33.67 ├ ○ /evaluation/runs
#62 33.67 ├ ○ /login
#62 33.67 ├ ○ /monitoring
#62 33.67 ├ ○ /monitoring/metrics
#62 33.67 ├ ○ /monitoring/traces
#62 33.67 ├ ○ /search
#62 33.67 ├ ○ /settings
#62 33.67 ├ ○ /settings/api-keys
#62 33.67 ├ ○ /settings/chunking
#62 33.67 ├ ○ /settings/embedding
#62 33.67 ├ ○ /settings/generation
#62 33.67 ├ ○ /settings/guardrails
#62 33.67 ├ ○ /settings/hyde
#62 33.67 ├ ○ /settings/profile
#62 33.67 ├ ○ /settings/reranking
#62 33.67 ├ ○ /settings/search
#62 33.67 ├ ○ /settings/system
#62 33.67 ├ ○ /settings/users
#62 33.67 └ ○ /settings/watcher
#62 33.67 
#62 33.67 
#62 33.67 ○  (Static)   prerendered as static content
#62 33.67 ƒ  (Dynamic)  server-rendered on demand
#62 33.67 
#62 DONE 33.7s

#63 [rag-frontend runner 3/6] RUN addgroup -S appgroup && adduser -S appuser -G appgroup
#63 CACHED

#64 [rag-frontend runner 4/6] COPY --from=builder --chown=appuser:appgroup /app/.next/standalone ./
#64 DONE 0.5s

#65 [rag-frontend runner 5/6] COPY --from=builder --chown=appuser:appgroup /app/.next/static ./.next/static
#65 DONE 0.0s

#66 [rag-frontend runner 6/6] COPY --from=builder --chown=appuser:appgroup /app/public ./public
#66 DONE 0.0s

#67 [rag-frontend] exporting to image
#67 exporting layers
#67 exporting layers 0.8s done
#67 exporting manifest sha256:e026b87c6244ae3df7ebbdee32e53dedaee3ca53da36c147b49c218329e8c3d6 done
#67 exporting config sha256:4c8482fe3c35469dc2f3290f852e76a66579b126fe75b6431d3ebc4a5eff64fe done
#67 exporting attestation manifest sha256:37c9071619932416f54a03663ea9e1d3ae3b4dfed77c36c2009992e7005dc39d done
#67 exporting manifest list sha256:c2c654c741f3ede712aa81fdf6801fe4269cad4058c119a4d938d3442a5e18ed done
#67 naming to docker.io/library/code-management-full-rag-frontend:latest done
#67 unpacking to docker.io/library/code-management-full-rag-frontend:latest
#67 unpacking to docker.io/library/code-management-full-rag-frontend:latest 0.3s done
#67 DONE 1.2s

#68 [rag-frontend] resolving provenance for metadata file
#68 DONE 0.0s
 Image code-management-full-api:75661c6 Built 
 Image code-management-full-rag-frontend Built 
