 Image code-management-full-api:75661c6 Building 
 Image code-management-full-rag-frontend Building 
#1 [internal] load local bake definitions
#1 reading from stdin 2.35kB done
#1 DONE 0.0s

#2 [rag-api internal] load build definition from backend.Dockerfile
#2 transferring dockerfile: 2.54kB done
#2 DONE 0.0s

#3 [rag-frontend internal] load build definition from frontend.Dockerfile
#3 transferring dockerfile: 2.50kB done
#3 DONE 0.0s

#4 [rag-api internal] load metadata for docker.io/library/python:3.12-slim
#4 ...

#5 [rag-frontend internal] load metadata for docker.io/library/node:22-alpine
#5 DONE 1.3s

#4 [rag-api internal] load metadata for docker.io/library/python:3.12-slim
#4 DONE 1.3s

#6 [rag-api internal] load .dockerignore
#6 transferring context: 289B done
#6 DONE 0.0s

#7 [rag-api runtime  5/19] ADD --checksum=sha256:e57f64187974277726a3417ca6f181ec5403676c717672eef6a748a7b20e0106 https://raw.githubusercontent.com/nltk/nltk_data/550b6625bcef1f2abff2ff770a5a0d272c9c6b2a/packages/tokenizers/punkt_tab.zip /tmp/punkt_tab.zip
#7 DONE 0.0s

#8 [rag-frontend builder  1/33] FROM docker.io/library/node:22-alpine@sha256:b6f26b36c8ff49624cfdac716b8ea1138d606df02586a77d364bb5536a634f85
#8 resolve docker.io/library/node:22-alpine@sha256:b6f26b36c8ff49624cfdac716b8ea1138d606df02586a77d364bb5536a634f85 0.0s done
#8 DONE 0.0s

#9 [rag-api builder 1/6] FROM docker.io/library/python:3.12-slim@sha256:2f17fc044b579bab302c2e8054d3a686e2cb9a83de48e70534b94cd8ebbe06a9
#9 resolve docker.io/library/python:3.12-slim@sha256:2f17fc044b579bab302c2e8054d3a686e2cb9a83de48e70534b94cd8ebbe06a9 0.0s done
#9 DONE 0.0s

#10 [rag-frontend internal] load build context
#10 transferring context: 15.19kB 0.0s done
#10 DONE 0.0s

#11 [rag-api internal] load build context
#11 transferring context: 1.54MB 0.0s done
#11 DONE 0.0s

#12 [rag-frontend builder  2/33] WORKDIR /app
#12 CACHED

#13 [rag-frontend builder  4/33] RUN corepack enable && pnpm install --frozen-lockfile
#13 CACHED

#14 [rag-frontend builder  3/33] COPY upstream/frontend/package.json upstream/frontend/pnpm-lock.yaml ./
#14 CACHED

#15 [rag-frontend builder  5/33] COPY upstream/frontend ./
#15 CACHED

#16 [rag-api builder 4/6] COPY upstream/backend /build/backend
#16 CACHED

#17 [rag-api runtime  6/19] RUN python -m zipfile -e /tmp/punkt_tab.zip /usr/local/share/nltk_data/tokenizers && rm /tmp/punkt_tab.zip
#17 CACHED

#18 [rag-api builder 2/6] WORKDIR /build
#18 CACHED

#19 [rag-api builder 3/6] RUN apt-get update && apt-get install -y --no-install-recommends build-essential git     && rm -rf /var/lib/apt/lists/*
#19 CACHED

#20 [rag-api runtime  4/19] COPY --from=builder /install /usr/local
#20 CACHED

#21 [rag-api runtime  2/19] RUN apt-get update && apt-get install -y --no-install-recommends libglib2.0-0 libgl1     && rm -rf /var/lib/apt/lists/*     && groupadd --gid 10001 appuser     && useradd --uid 10001 --gid 10001 --create-home appuser
#21 CACHED

#22 [rag-api builder 6/6] RUN pip install --no-cache-dir --prefix=/install /build/backend -r /build/catalog-requirements.txt
#22 CACHED

#23 [rag-api runtime  3/19] WORKDIR /app
#23 CACHED

#24 [rag-api builder 5/6] COPY extensions/requirements.txt /build/catalog-requirements.txt
#24 CACHED

#25 [rag-api runtime  5/19] ADD --checksum=sha256:e57f64187974277726a3417ca6f181ec5403676c717672eef6a748a7b20e0106 https://raw.githubusercontent.com/nltk/nltk_data/550b6625bcef1f2abff2ff770a5a0d272c9c6b2a/packages/tokenizers/punkt_tab.zip /tmp/punkt_tab.zip
#25 CACHED

#26 [rag-api runtime  7/19] COPY --chown=10001:10001 upstream/backend /app
#26 CACHED

#27 [rag-frontend builder  6/33] COPY extensions/frontend ./
#27 DONE 0.1s

#28 [rag-api runtime  8/19] COPY --chown=10001:10001 extensions/code_agent /app/code_agent
#28 DONE 0.0s

#29 [rag-api runtime  9/19] COPY deploy/patch_backend.py /tmp/patch_backend.py
#29 DONE 0.0s

#30 [rag-frontend builder  7/33] COPY deploy/patch_frontend.mjs /tmp/patch_frontend.mjs
#30 DONE 0.0s

#31 [rag-frontend builder  8/33] RUN node /tmp/patch_frontend.mjs
#31 DONE 0.1s

#32 [rag-api runtime 10/19] RUN python /tmp/patch_backend.py /app
#32 DONE 0.2s

#33 [rag-frontend builder  9/33] COPY deploy/patch_provider_frontend.mjs /tmp/patch_provider_frontend.mjs
#33 DONE 0.0s

#34 [rag-api runtime 11/19] COPY deploy/patch_provider.py /tmp/patch_provider.py
#34 DONE 0.0s

#35 [rag-frontend builder 10/33] RUN node /tmp/patch_provider_frontend.mjs
#35 DONE 0.1s

#36 [rag-api runtime 12/19] RUN python /tmp/patch_provider.py /app
#36 DONE 0.2s

#37 [rag-frontend builder 11/33] COPY deploy/patch_experience.mjs /tmp/patch_experience.mjs
#37 DONE 0.0s

#38 [rag-frontend builder 12/33] RUN node /tmp/patch_experience.mjs
#38 DONE 0.1s

#39 [rag-api runtime 13/19] COPY deploy/patch_local_access.py /tmp/patch_local_access.py
#39 DONE 0.0s

#40 [rag-frontend builder 13/33] COPY deploy/patch_local_access_frontend.mjs /tmp/patch_local_access_frontend.mjs
#40 DONE 0.0s

#41 [rag-frontend builder 14/33] RUN node /tmp/patch_local_access_frontend.mjs
#41 DONE 0.1s

#42 [rag-api runtime 14/19] RUN python /tmp/patch_local_access.py /app
#42 DONE 0.2s

#43 [rag-frontend builder 15/33] COPY deploy/patch_settings_availability_frontend.mjs /tmp/patch_settings_availability_frontend.mjs
#43 DONE 0.0s

#44 [rag-api runtime 15/19] COPY deploy/patch_chunking.py /tmp/patch_chunking.py
#44 DONE 0.0s

#45 [rag-frontend builder 16/33] RUN node /tmp/patch_settings_availability_frontend.mjs
#45 DONE 0.2s

#46 [rag-api runtime 16/19] RUN python /tmp/patch_chunking.py /app
#46 DONE 0.2s

#47 [rag-frontend builder 17/33] COPY deploy/patch_settings_selection_frontend.mjs /tmp/patch_settings_selection_frontend.mjs
#47 DONE 0.0s

#48 [rag-api runtime 17/19] COPY deploy/patch_monitoring.py /tmp/patch_monitoring.py
#48 DONE 0.1s

#49 [rag-frontend builder 18/33] RUN node /tmp/patch_settings_selection_frontend.mjs
#49 DONE 0.1s

#50 [rag-api runtime 18/19] RUN python /tmp/patch_monitoring.py /app
#50 ...

#51 [rag-frontend builder 19/33] COPY deploy/patch_chunking_frontend.mjs /tmp/patch_chunking_frontend.mjs
#51 DONE 0.0s

#52 [rag-frontend builder 20/33] RUN node /tmp/patch_chunking_frontend.mjs
#52 DONE 0.1s

#50 [rag-api runtime 18/19] RUN python /tmp/patch_monitoring.py /app
#50 DONE 0.2s

#53 [rag-frontend builder 21/33] COPY deploy/patch_watcher_frontend.mjs /tmp/patch_watcher_frontend.mjs
#53 DONE 0.0s

#54 [rag-frontend builder 22/33] RUN node /tmp/patch_watcher_frontend.mjs
#54 ...

#55 [rag-api runtime 19/19] RUN mkdir -p /app/uploads /app/run /watch /home/appuser/.cache /app/private-settings     && chown -R 10001:10001 /app/uploads /app/run /watch /home/appuser/.cache /app/private-settings
#55 DONE 0.2s

#54 [rag-frontend builder 22/33] RUN node /tmp/patch_watcher_frontend.mjs
#54 DONE 0.2s

#56 [rag-frontend builder 23/33] COPY deploy/patch_evaluation_frontend.mjs /tmp/patch_evaluation_frontend.mjs
#56 DONE 0.1s

#57 [rag-api] exporting to image
#57 exporting layers 0.1s done
#57 ...

#58 [rag-frontend builder 24/33] RUN node /tmp/patch_evaluation_frontend.mjs
#58 DONE 0.1s

#59 [rag-frontend builder 25/33] COPY deploy/patch_proxy_timeout_frontend.mjs /tmp/patch_proxy_timeout_frontend.mjs
#59 DONE 0.0s

#57 [rag-api] exporting to image
#57 exporting manifest sha256:3938676a6a79d19492631512cec2eb039aa89683412e6f9f539e801bed4782aa done
#57 exporting config sha256:59995e1f2076c31b1f0fb327344d97b1e10a8ca32e7042e42b671737ecfa8602 done
#57 exporting attestation manifest sha256:630efab3bdaef77eea5c7606ad4aafffabdbd06b4a68ff6575dc942dfd917cb9 done
#57 exporting manifest list sha256:8a25017c603e9221eb2ad0020c3164b1258953dac0ec89d195101bf54fa1e7c1 done
#57 naming to docker.io/library/code-management-full-api:75661c6 done
#57 unpacking to docker.io/library/code-management-full-api:75661c6 0.1s done
#57 DONE 0.3s

#60 [rag-frontend builder 26/33] RUN node /tmp/patch_proxy_timeout_frontend.mjs
#60 0.081 {"patch":"catalogue-proxy-timeout","file":"next.config.ts","before":"0ed1b0792c7b45f37cad9f66b9653760e17015dd512219e79a56bc28a570e4e3","after":"d51032de16f200130b0e17a2192d980940e7e01168e9632e5a70ca0991ee52f7"}
#60 DONE 0.1s

#61 [rag-frontend builder 27/33] COPY deploy/patch_catalog_surfaces.mjs /tmp/patch_catalog_surfaces.mjs
#61 DONE 0.0s

#62 [rag-api] resolving provenance for metadata file
#62 DONE 0.0s

#63 [rag-frontend builder 28/33] RUN node /tmp/patch_catalog_surfaces.mjs
#63 DONE 0.1s

#64 [rag-frontend builder 29/33] COPY deploy/patch_search_persistence.mjs /tmp/patch_search_persistence.mjs
#64 DONE 0.0s

#65 [rag-frontend builder 30/33] RUN node /tmp/patch_search_persistence.mjs
#65 DONE 0.1s

#66 [rag-frontend builder 31/33] COPY deploy/patch_monitoring_frontend.mjs /tmp/patch_monitoring_frontend.mjs
#66 DONE 0.0s

#67 [rag-frontend builder 32/33] RUN node /tmp/patch_monitoring_frontend.mjs
#67 DONE 0.1s

#68 [rag-frontend builder 33/33] RUN mkdir -p public && pnpm build
#68 0.233 
#68 0.233 > frontend@0.1.0 build /app
#68 0.233 > next build
#68 0.233 
#68 0.493 ▲ Next.js 16.2.6 (Turbopack)
#68 0.493 - Experiments (use with caution):
#68 0.493   · proxyTimeout: 300000
#68 0.493 
#68 0.510   Creating an optimized production build ...
#68 135.7 ✓ Compiled successfully in 2.3min
#68 135.7   Running TypeScript ...
#68 145.2   Finished TypeScript in 9.0s ...
#68 145.2   Collecting page data using 9 workers ...
#68 146.1   Generating static pages using 9 workers (0/28) ...
#68 146.6   Generating static pages using 9 workers (7/28) 
#68 146.7   Generating static pages using 9 workers (14/28) 
#68 146.9   Generating static pages using 9 workers (21/28) 
#68 146.9 ✓ Generating static pages using 9 workers (28/28) in 785ms
#68 146.9   Finalizing page optimization ...
#68 147.6 
#68 147.6 Route (app)
#68 147.6 ┌ ○ /
#68 147.6 ├ ○ /_not-found
#68 147.6 ├ ○ /codes
#68 147.6 ├ ○ /documents
#68 147.6 ├ ƒ /documents/[id]
#68 147.6 ├ ○ /evaluation
#68 147.6 ├ ○ /evaluation/compare
#68 147.6 ├ ○ /evaluation/datasets
#68 147.6 ├ ○ /evaluation/runs
#68 147.6 ├ ○ /login
#68 147.6 ├ ○ /monitoring
#68 147.6 ├ ○ /monitoring/metrics
#68 147.6 ├ ○ /monitoring/traces
#68 147.6 ├ ○ /search
#68 147.6 ├ ○ /settings
#68 147.6 ├ ○ /settings/api-keys
#68 147.6 ├ ○ /settings/chunking
#68 147.6 ├ ○ /settings/embedding
#68 147.6 ├ ○ /settings/generation
#68 147.6 ├ ○ /settings/guardrails
#68 147.6 ├ ○ /settings/hyde
#68 147.6 ├ ○ /settings/profile
#68 147.6 ├ ○ /settings/reranking
#68 147.6 ├ ○ /settings/search
#68 147.6 ├ ○ /settings/system
#68 147.6 ├ ○ /settings/users
#68 147.6 └ ○ /settings/watcher
#68 147.6 
#68 147.6 
#68 147.6 ○  (Static)   prerendered as static content
#68 147.6 ƒ  (Dynamic)  server-rendered on demand
#68 147.6 
#68 DONE 148.0s

#69 [rag-frontend runner 3/6] RUN addgroup -S appgroup && adduser -S appuser -G appgroup
#69 CACHED

#70 [rag-frontend runner 4/6] COPY --from=builder --chown=appuser:appgroup /app/.next/standalone ./
#70 DONE 0.3s

#71 [rag-frontend runner 5/6] COPY --from=builder --chown=appuser:appgroup /app/.next/static ./.next/static
#71 DONE 0.0s

#72 [rag-frontend runner 6/6] COPY --from=builder --chown=appuser:appgroup /app/public ./public
#72 DONE 0.0s

#73 [rag-frontend] exporting to image
#73 exporting layers
#73 exporting layers 1.1s done
#73 exporting manifest sha256:83570d89d2866c1d9032c7c1f6352b29cbf873446dc687c141839e737f06fdaf done
#73 exporting config sha256:f1dcf2bde529864e4042ed0edb2210a6c69f983ede4d3e72a180a5ab2c1692db done
#73 exporting attestation manifest sha256:e173dfabbf7894cd527b78f94f8f8cef1311b107ef39cb1f5950f27f4225e827 0.0s done
#73 exporting manifest list sha256:ce64d2befc2224f7841c0767f0bfb39b6d12a0df978a9295fa47517d98d63411 done
#73 naming to docker.io/library/code-management-full-rag-frontend:latest done
#73 unpacking to docker.io/library/code-management-full-rag-frontend:latest
#73 unpacking to docker.io/library/code-management-full-rag-frontend:latest 0.5s done
#73 DONE 1.7s

#74 [rag-frontend] resolving provenance for metadata file
#74 DONE 0.0s
 Image code-management-full-api:75661c6 Built 
 Image code-management-full-rag-frontend Built 
