 Image code-management-full-api:75661c6 Building 
#1 [internal] load local bake definitions
#1 reading from stdin 1.75kB done
#1 DONE 0.0s

#2 [internal] load build definition from backend.Dockerfile
#2 transferring dockerfile: 2.44kB done
#2 DONE 0.0s

#3 [internal] load metadata for docker.io/library/python:3.12-slim
#3 DONE 1.2s

#4 [internal] load .dockerignore
#4 transferring context: 289B done
#4 DONE 0.0s

#5 [runtime  5/17] ADD --checksum=sha256:e57f64187974277726a3417ca6f181ec5403676c717672eef6a748a7b20e0106 https://raw.githubusercontent.com/nltk/nltk_data/550b6625bcef1f2abff2ff770a5a0d272c9c6b2a/packages/tokenizers/punkt_tab.zip /tmp/punkt_tab.zip
#5 DONE 0.0s

#6 [builder 1/6] FROM docker.io/library/python:3.12-slim@sha256:2f17fc044b579bab302c2e8054d3a686e2cb9a83de48e70534b94cd8ebbe06a9
#6 resolve docker.io/library/python:3.12-slim@sha256:2f17fc044b579bab302c2e8054d3a686e2cb9a83de48e70534b94cd8ebbe06a9 done
#6 DONE 0.0s

#7 [internal] load build context
#7 transferring context: 1.20MB 0.0s done
#7 DONE 0.0s

#8 [runtime  3/17] WORKDIR /app
#8 CACHED

#9 [runtime  5/17] ADD --checksum=sha256:e57f64187974277726a3417ca6f181ec5403676c717672eef6a748a7b20e0106 https://raw.githubusercontent.com/nltk/nltk_data/550b6625bcef1f2abff2ff770a5a0d272c9c6b2a/packages/tokenizers/punkt_tab.zip /tmp/punkt_tab.zip
#9 CACHED

#10 [runtime  2/17] RUN apt-get update && apt-get install -y --no-install-recommends libglib2.0-0 libgl1     && rm -rf /var/lib/apt/lists/*     && groupadd --gid 10001 appuser     && useradd --uid 10001 --gid 10001 --create-home appuser
#10 CACHED

#11 [builder 5/6] COPY extensions/requirements.txt /build/catalog-requirements.txt
#11 CACHED

#12 [runtime  6/17] RUN python -m zipfile -e /tmp/punkt_tab.zip /usr/local/share/nltk_data/tokenizers && rm /tmp/punkt_tab.zip
#12 CACHED

#13 [builder 2/6] WORKDIR /build
#13 CACHED

#14 [builder 3/6] RUN apt-get update && apt-get install -y --no-install-recommends build-essential git     && rm -rf /var/lib/apt/lists/*
#14 CACHED

#15 [runtime  4/17] COPY --from=builder /install /usr/local
#15 CACHED

#16 [builder 6/6] RUN pip install --no-cache-dir --prefix=/install /build/backend -r /build/catalog-requirements.txt
#16 CACHED

#17 [builder 4/6] COPY upstream/backend /build/backend
#17 CACHED

#18 [runtime  7/17] COPY --chown=10001:10001 upstream/backend /app
#18 CACHED

#19 [runtime  8/17] COPY --chown=10001:10001 extensions/code_agent /app/code_agent
#19 DONE 0.0s

#20 [runtime  9/17] COPY deploy/patch_backend.py /tmp/patch_backend.py
#20 DONE 0.0s

#21 [runtime 10/17] RUN python /tmp/patch_backend.py /app
#21 DONE 0.1s

#22 [runtime 11/17] COPY deploy/patch_provider.py /tmp/patch_provider.py
#22 DONE 0.0s

#23 [runtime 12/17] RUN python /tmp/patch_provider.py /app
#23 DONE 0.1s

#24 [runtime 13/17] COPY deploy/patch_local_access.py /tmp/patch_local_access.py
#24 DONE 0.0s

#25 [runtime 14/17] RUN python /tmp/patch_local_access.py /app
#25 DONE 0.1s

#26 [runtime 15/17] COPY deploy/patch_chunking.py /tmp/patch_chunking.py
#26 DONE 0.0s

#27 [runtime 16/17] RUN python /tmp/patch_chunking.py /app
#27 DONE 0.1s

#28 [runtime 17/17] RUN mkdir -p /app/uploads /app/run /watch /home/appuser/.cache /app/private-settings     && chown -R 10001:10001 /app/uploads /app/run /watch /home/appuser/.cache /app/private-settings
#28 DONE 0.1s

#29 exporting to image
#29 exporting layers
#29 exporting layers 0.2s done
#29 exporting manifest sha256:d2696171815d19785b5db5d95a60fc7498e637978b35b2f913b80c08f920597c done
#29 exporting config sha256:c90c5f72f79f4cc76335667eee2ac4ac6ebdaaa57bdb73dc7c0943ef7d74dd5f done
#29 exporting attestation manifest sha256:2b49b6b8f41dec75f8144d55bed0eb8b344a55339d0aed84cad5997c6d3ee1d9 done
#29 exporting manifest list sha256:b0985f4ab4409efc3bd9afe7ab33ff93ff2f7947a8a6f879de388a23c0fa140c done
#29 naming to docker.io/library/code-management-full-api:75661c6 done
#29 unpacking to docker.io/library/code-management-full-api:75661c6 0.1s done
#29 DONE 0.3s

#30 resolving provenance for metadata file
#30 DONE 0.0s
 Image code-management-full-api:75661c6 Built 
