 Image code-management-full-api:75661c6 Building 
 Image code-management-full-rag-frontend Building 
#1 [internal] load local bake definitions
#1 reading from stdin 2.35kB done
#1 DONE 0.0s

#2 [rag-frontend internal] load build definition from frontend.Dockerfile
#2 transferring dockerfile: 2.15kB done
#2 DONE 0.0s

#3 [rag-api internal] load build definition from backend.Dockerfile
#3 transferring dockerfile: 2.44kB done
#3 DONE 0.0s

#4 [rag-api internal] load metadata for docker.io/library/python:3.12-slim
#4 ...

#5 [rag-frontend internal] load metadata for docker.io/library/node:22-alpine
#5 DONE 1.0s

#6 [rag-frontend internal] load .dockerignore
#6 transferring context: 289B done
#6 DONE 0.0s

#7 [rag-frontend builder  1/27] FROM docker.io/library/node:22-alpine@sha256:b6f26b36c8ff49624cfdac716b8ea1138d606df02586a77d364bb5536a634f85
#7 resolve docker.io/library/node:22-alpine@sha256:b6f26b36c8ff49624cfdac716b8ea1138d606df02586a77d364bb5536a634f85 done
#7 DONE 0.0s

#8 [rag-frontend internal] load build context
#8 transferring context: 12.89kB done
#8 DONE 0.0s

#9 [rag-frontend builder 16/27] RUN node /tmp/patch_settings_availability_frontend.mjs
#9 CACHED

#10 [rag-frontend builder 13/27] COPY deploy/patch_local_access_frontend.mjs /tmp/patch_local_access_frontend.mjs
#10 CACHED

#11 [rag-frontend builder  8/27] RUN node /tmp/patch_frontend.mjs
#11 CACHED

#12 [rag-frontend builder 11/27] COPY deploy/patch_experience.mjs /tmp/patch_experience.mjs
#12 CACHED

#13 [rag-frontend builder 14/27] RUN node /tmp/patch_local_access_frontend.mjs
#13 CACHED

#14 [rag-frontend builder  7/27] COPY deploy/patch_frontend.mjs /tmp/patch_frontend.mjs
#14 CACHED

#15 [rag-frontend builder 15/27] COPY deploy/patch_settings_availability_frontend.mjs /tmp/patch_settings_availability_frontend.mjs
#15 CACHED

#16 [rag-frontend builder 18/27] RUN node /tmp/patch_settings_selection_frontend.mjs
#16 CACHED

#17 [rag-frontend builder 19/27] COPY deploy/patch_chunking_frontend.mjs /tmp/patch_chunking_frontend.mjs
#17 CACHED

#18 [rag-frontend builder  5/27] COPY upstream/frontend ./
#18 CACHED

#19 [rag-frontend builder  6/27] COPY extensions/frontend ./
#19 CACHED

#20 [rag-frontend builder 10/27] RUN node /tmp/patch_provider_frontend.mjs
#20 CACHED

#21 [rag-frontend builder 23/27] COPY deploy/patch_evaluation_frontend.mjs /tmp/patch_evaluation_frontend.mjs
#21 CACHED

#22 [rag-frontend builder 17/27] COPY deploy/patch_settings_selection_frontend.mjs /tmp/patch_settings_selection_frontend.mjs
#22 CACHED

#23 [rag-frontend builder 20/27] RUN node /tmp/patch_chunking_frontend.mjs
#23 CACHED

#24 [rag-frontend builder 21/27] COPY deploy/patch_watcher_frontend.mjs /tmp/patch_watcher_frontend.mjs
#24 CACHED

#25 [rag-frontend builder 12/27] RUN node /tmp/patch_experience.mjs
#25 CACHED

#26 [rag-frontend builder  3/27] COPY upstream/frontend/package.json upstream/frontend/pnpm-lock.yaml ./
#26 CACHED

#27 [rag-frontend builder 22/27] RUN node /tmp/patch_watcher_frontend.mjs
#27 CACHED

#28 [rag-frontend builder  2/27] WORKDIR /app
#28 CACHED

#29 [rag-frontend builder  4/27] RUN corepack enable && pnpm install --frozen-lockfile
#29 CACHED

#30 [rag-frontend builder  9/27] COPY deploy/patch_provider_frontend.mjs /tmp/patch_provider_frontend.mjs
#30 CACHED

#31 [rag-frontend builder 24/27] RUN node /tmp/patch_evaluation_frontend.mjs
#31 CACHED

#32 [rag-frontend builder 25/27] COPY deploy/patch_proxy_timeout_frontend.mjs /tmp/patch_proxy_timeout_frontend.mjs
#32 DONE 0.0s

#4 [rag-api internal] load metadata for docker.io/library/python:3.12-slim
#4 DONE 1.2s

#33 [rag-frontend builder 26/27] RUN node /tmp/patch_proxy_timeout_frontend.mjs
#33 0.137 {"patch":"catalogue-proxy-timeout","file":"next.config.ts","before":"0ed1b0792c7b45f37cad9f66b9653760e17015dd512219e79a56bc28a570e4e3","after":"d51032de16f200130b0e17a2192d980940e7e01168e9632e5a70ca0991ee52f7"}
#33 DONE 0.2s

#6 [rag-api internal] load .dockerignore
#6 transferring context: 289B done
#6 DONE 0.0s

#34 [rag-api runtime  5/17] ADD --checksum=sha256:e57f64187974277726a3417ca6f181ec5403676c717672eef6a748a7b20e0106 https://raw.githubusercontent.com/nltk/nltk_data/550b6625bcef1f2abff2ff770a5a0d272c9c6b2a/packages/tokenizers/punkt_tab.zip /tmp/punkt_tab.zip
#34 DONE 0.0s

#35 [rag-api builder 1/6] FROM docker.io/library/python:3.12-slim@sha256:2f17fc044b579bab302c2e8054d3a686e2cb9a83de48e70534b94cd8ebbe06a9
#35 resolve docker.io/library/python:3.12-slim@sha256:2f17fc044b579bab302c2e8054d3a686e2cb9a83de48e70534b94cd8ebbe06a9 done
#35 DONE 0.0s

#36 [rag-api internal] load build context
#36 transferring context: 1.41MB 0.1s done
#36 DONE 0.1s

#37 [rag-api builder 4/6] COPY upstream/backend /build/backend
#37 CACHED

#38 [rag-api builder 2/6] WORKDIR /build
#38 CACHED

#39 [rag-api builder 3/6] RUN apt-get update && apt-get install -y --no-install-recommends build-essential git     && rm -rf /var/lib/apt/lists/*
#39 CACHED

#40 [rag-api builder 5/6] COPY extensions/requirements.txt /build/catalog-requirements.txt
#40 CACHED

#41 [rag-api builder 6/6] RUN pip install --no-cache-dir --prefix=/install /build/backend -r /build/catalog-requirements.txt
#41 CACHED

#42 [rag-api runtime  5/17] ADD --checksum=sha256:e57f64187974277726a3417ca6f181ec5403676c717672eef6a748a7b20e0106 https://raw.githubusercontent.com/nltk/nltk_data/550b6625bcef1f2abff2ff770a5a0d272c9c6b2a/packages/tokenizers/punkt_tab.zip /tmp/punkt_tab.zip
#42 CACHED

#43 [rag-api runtime  4/17] COPY --from=builder /install /usr/local
#43 CACHED

#44 [rag-api runtime  3/17] WORKDIR /app
#44 CACHED

#45 [rag-api runtime  6/17] RUN python -m zipfile -e /tmp/punkt_tab.zip /usr/local/share/nltk_data/tokenizers && rm /tmp/punkt_tab.zip
#45 CACHED

#46 [rag-api runtime  2/17] RUN apt-get update && apt-get install -y --no-install-recommends libglib2.0-0 libgl1     && rm -rf /var/lib/apt/lists/*     && groupadd --gid 10001 appuser     && useradd --uid 10001 --gid 10001 --create-home appuser
#46 CACHED

#47 [rag-api runtime  7/17] COPY --chown=10001:10001 upstream/backend /app
#47 CACHED

#48 [rag-frontend builder 27/27] RUN mkdir -p public && pnpm build
#48 ...

#49 [rag-api runtime  8/17] COPY --chown=10001:10001 extensions/code_agent /app/code_agent
#49 DONE 0.0s

#50 [rag-api runtime  9/17] COPY deploy/patch_backend.py /tmp/patch_backend.py
#50 DONE 0.0s

#51 [rag-api runtime 10/17] RUN python /tmp/patch_backend.py /app
#51 DONE 0.2s

#48 [rag-frontend builder 27/27] RUN mkdir -p public && pnpm build
#48 ...

#52 [rag-api runtime 11/17] COPY deploy/patch_provider.py /tmp/patch_provider.py
#52 DONE 0.0s

#53 [rag-api runtime 12/17] RUN python /tmp/patch_provider.py /app
#53 DONE 0.2s

#48 [rag-frontend builder 27/27] RUN mkdir -p public && pnpm build
#48 0.395 
#48 0.395 > frontend@0.1.0 build /app
#48 0.395 > next build
#48 0.395 
#48 ...

#54 [rag-api runtime 13/17] COPY deploy/patch_local_access.py /tmp/patch_local_access.py
#54 DONE 0.0s

#55 [rag-api runtime 14/17] RUN python /tmp/patch_local_access.py /app
#55 DONE 0.2s

#48 [rag-frontend builder 27/27] RUN mkdir -p public && pnpm build
#48 ...

#56 [rag-api runtime 15/17] COPY deploy/patch_chunking.py /tmp/patch_chunking.py
#56 DONE 0.0s

#48 [rag-frontend builder 27/27] RUN mkdir -p public && pnpm build
#48 0.733 ▲ Next.js 16.2.6 (Turbopack)
#48 0.733 - Experiments (use with caution):
#48 0.733   · proxyTimeout: 300000
#48 0.733 
#48 0.755   Creating an optimized production build ...
#48 ...

#57 [rag-api runtime 16/17] RUN python /tmp/patch_chunking.py /app
#57 DONE 0.2s

#58 [rag-api runtime 17/17] RUN mkdir -p /app/uploads /app/run /watch /home/appuser/.cache /app/private-settings     && chown -R 10001:10001 /app/uploads /app/run /watch /home/appuser/.cache /app/private-settings
#58 DONE 0.1s

#48 [rag-frontend builder 27/27] RUN mkdir -p public && pnpm build
#48 ...

#59 [rag-api] exporting to image
#59 exporting layers 1.3s done
#59 exporting manifest sha256:6319e4178bd335ab6302a2d2b188adcf30c0552d3787ab9343f3db7bb1befd9f 0.0s done
#59 exporting config sha256:3c5b010216d19a143b591d18d867fdb5e2542c02ef9d806477a5fab23988c022 done
#59 exporting attestation manifest sha256:e04f1fbd2bd0060e0d4ae988d78765bcf354d81bea8912f840f3b59f42e8d9c9 done
#59 exporting manifest list sha256:dfbef5dc6b5521002b6f5cf08160d1a1e16b323e9b977dbb8133b6450e91bb93 done
#59 naming to docker.io/library/code-management-full-api:75661c6 done
#59 unpacking to docker.io/library/code-management-full-api:75661c6 0.1s done
#59 DONE 1.5s

#60 [rag-api] resolving provenance for metadata file
#60 DONE 0.0s

#48 [rag-frontend builder 27/27] RUN mkdir -p public && pnpm build
#48 19.21 ✓ Compiled successfully in 18.2s
#48 19.25   Running TypeScript ...
#48 61.39   Finished TypeScript in 43s ...
#48 61.39   Collecting page data using 9 workers ...
#48 62.00   Generating static pages using 9 workers (0/28) ...
#48 62.23   Generating static pages using 9 workers (7/28) 
#48 62.24   Generating static pages using 9 workers (14/28) 
#48 62.34   Generating static pages using 9 workers (21/28) 
#48 62.35 ✓ Generating static pages using 9 workers (28/28) in 351ms
#48 62.36   Finalizing page optimization ...
#48 62.74 
#48 62.75 Route (app)
#48 62.75 ┌ ○ /
#48 62.75 ├ ○ /_not-found
#48 62.75 ├ ○ /codes
#48 62.75 ├ ○ /documents
#48 62.75 ├ ƒ /documents/[id]
#48 62.75 ├ ○ /evaluation
#48 62.75 ├ ○ /evaluation/compare
#48 62.75 ├ ○ /evaluation/datasets
#48 62.75 ├ ○ /evaluation/runs
#48 62.75 ├ ○ /login
#48 62.75 ├ ○ /monitoring
#48 62.75 ├ ○ /monitoring/metrics
#48 62.75 ├ ○ /monitoring/traces
#48 62.75 ├ ○ /search
#48 62.75 ├ ○ /settings
#48 62.75 ├ ○ /settings/api-keys
#48 62.75 ├ ○ /settings/chunking
#48 62.75 ├ ○ /settings/embedding
#48 62.75 ├ ○ /settings/generation
#48 62.75 ├ ○ /settings/guardrails
#48 62.75 ├ ○ /settings/hyde
#48 62.75 ├ ○ /settings/profile
#48 62.75 ├ ○ /settings/reranking
#48 62.75 ├ ○ /settings/search
#48 62.75 ├ ○ /settings/system
#48 62.75 ├ ○ /settings/users
#48 62.75 └ ○ /settings/watcher
#48 62.75 
#48 62.75 
#48 62.75 ○  (Static)   prerendered as static content
#48 62.75 ƒ  (Dynamic)  server-rendered on demand
#48 62.75 
#48 DONE 62.9s

#61 [rag-frontend runner 3/6] RUN addgroup -S appgroup && adduser -S appuser -G appgroup
#61 CACHED

#62 [rag-frontend runner 4/6] COPY --from=builder --chown=appuser:appgroup /app/.next/standalone ./
#62 DONE 0.3s

#63 [rag-frontend runner 5/6] COPY --from=builder --chown=appuser:appgroup /app/.next/static ./.next/static
#63 DONE 0.0s

#64 [rag-frontend runner 6/6] COPY --from=builder --chown=appuser:appgroup /app/public ./public
#64 DONE 0.0s

#65 [rag-frontend] exporting to image
#65 exporting layers
#65 exporting layers 0.7s done
#65 exporting manifest sha256:5ec1b17340484c1783acf06a41bbccc3ff70fb01497b5486e7d66228f436cda8 done
#65 exporting config sha256:291cd32059c76945472abbd3ce84023949c6d6926655fe0edf84a047d469ff38 done
#65 exporting attestation manifest sha256:ab0223b89b77aa71360884041bbe1068aef023b177d999cbebf7b8e1ca46ea92 done
#65 exporting manifest list sha256:afa561de4dca1e9f13d2c63c20ef8564b88cbba20de08b4b7e0f71677b6bfc9f done
#65 naming to docker.io/library/code-management-full-rag-frontend:latest done
#65 unpacking to docker.io/library/code-management-full-rag-frontend:latest
#65 unpacking to docker.io/library/code-management-full-rag-frontend:latest 0.3s done
#65 DONE 1.1s

#66 [rag-frontend] resolving provenance for metadata file
#66 DONE 0.0s
 Image code-management-full-api:75661c6 Built 
 Image code-management-full-rag-frontend Built 
