 Image code-management-full-api:75661c6 Building 
#1 [internal] load local bake definitions
#1 reading from stdin 1.75kB done
#1 DONE 0.0s

#2 [internal] load build definition from backend.Dockerfile
#2 transferring dockerfile: 2.63kB 0.0s done
#2 DONE 0.0s

#3 [internal] load metadata for docker.io/library/python:3.12-slim
#3 DONE 7.0s

#4 [internal] load .dockerignore
#4 transferring context: 289B 0.0s done
#4 DONE 0.1s

#5 [internal] load build context
#5 DONE 0.0s

#6 [runtime  5/21] ADD --checksum=sha256:e57f64187974277726a3417ca6f181ec5403676c717672eef6a748a7b20e0106 https://raw.githubusercontent.com/nltk/nltk_data/550b6625bcef1f2abff2ff770a5a0d272c9c6b2a/packages/tokenizers/punkt_tab.zip /tmp/punkt_tab.zip
#6 DONE 0.0s

#7 [builder 1/6] FROM docker.io/library/python:3.12-slim@sha256:2f17fc044b579bab302c2e8054d3a686e2cb9a83de48e70534b94cd8ebbe06a9
#7 resolve docker.io/library/python:3.12-slim@sha256:2f17fc044b579bab302c2e8054d3a686e2cb9a83de48e70534b94cd8ebbe06a9 0.1s done
#7 DONE 0.1s

#5 [internal] load build context
#5 transferring context: 25.09kB 0.1s done
#5 DONE 0.1s

#8 [builder 3/6] RUN apt-get update && apt-get install -y --no-install-recommends build-essential git     && rm -rf /var/lib/apt/lists/*
#8 CACHED

#9 [builder 5/6] COPY extensions/requirements.txt /build/catalog-requirements.txt
#9 CACHED

#10 [builder 6/6] RUN pip install --no-cache-dir --prefix=/install /build/backend -r /build/catalog-requirements.txt
#10 CACHED

#11 [builder 4/6] COPY upstream/backend /build/backend
#11 CACHED

#12 [runtime  6/21] RUN python -m zipfile -e /tmp/punkt_tab.zip /usr/local/share/nltk_data/tokenizers && rm /tmp/punkt_tab.zip
#12 CACHED

#13 [runtime  4/21] COPY --from=builder /install /usr/local
#13 CACHED

#14 [runtime  3/21] WORKDIR /app
#14 CACHED

#15 [runtime  5/21] ADD --checksum=sha256:e57f64187974277726a3417ca6f181ec5403676c717672eef6a748a7b20e0106 https://raw.githubusercontent.com/nltk/nltk_data/550b6625bcef1f2abff2ff770a5a0d272c9c6b2a/packages/tokenizers/punkt_tab.zip /tmp/punkt_tab.zip
#15 CACHED

#16 [runtime  2/21] RUN apt-get update && apt-get install -y --no-install-recommends libglib2.0-0 libgl1     && rm -rf /var/lib/apt/lists/*     && groupadd --gid 10001 appuser     && useradd --uid 10001 --gid 10001 --create-home appuser
#16 CACHED

#17 [builder 2/6] WORKDIR /build
#17 CACHED

#18 [runtime  7/21] COPY --chown=10001:10001 upstream/backend /app
#18 CACHED

#19 [runtime  8/21] COPY --chown=10001:10001 extensions/code_agent /app/code_agent
#19 DONE 0.8s

#20 [runtime  9/21] COPY deploy/patch_backend.py /tmp/patch_backend.py
#20 DONE 0.4s

#21 [runtime 10/21] RUN python /tmp/patch_backend.py /app
#21 DONE 1.7s

#22 [runtime 11/21] COPY deploy/patch_provider.py /tmp/patch_provider.py
#22 DONE 0.7s

#23 [runtime 12/21] RUN python /tmp/patch_provider.py /app
#23 DONE 2.0s

#24 [runtime 13/21] COPY deploy/patch_reranker.py /tmp/patch_reranker.py
#24 DONE 0.2s

#25 [runtime 14/21] RUN python /tmp/patch_reranker.py /app
#25 DONE 1.1s

#26 [runtime 15/21] COPY deploy/patch_local_access.py /tmp/patch_local_access.py
#26 DONE 0.3s

#27 [runtime 16/21] RUN python /tmp/patch_local_access.py /app
#27 DONE 1.0s

#28 [runtime 17/21] COPY deploy/patch_chunking.py /tmp/patch_chunking.py
#28 DONE 0.1s

#29 [runtime 18/21] RUN python /tmp/patch_chunking.py /app
#29 DONE 1.2s

#30 [runtime 19/21] COPY deploy/patch_monitoring.py /tmp/patch_monitoring.py
#30 DONE 0.1s

#31 [runtime 20/21] RUN python /tmp/patch_monitoring.py /app
#31 DONE 1.0s

#32 [runtime 21/21] RUN mkdir -p /app/uploads /app/run /watch /home/appuser/.cache /app/private-settings     && chown -R 10001:10001 /app/uploads /app/run /watch /home/appuser/.cache /app/private-settings
#32 DONE 0.5s

#33 exporting to image
#33 exporting layers
#33 exporting layers 3.9s done
#33 exporting manifest sha256:bc1f4a4e97e94aa716087019834812f3cbec410d0755cee9218dec03aeb1f72e
#33 exporting manifest sha256:bc1f4a4e97e94aa716087019834812f3cbec410d0755cee9218dec03aeb1f72e 0.3s done
#33 exporting config sha256:41fb12e10ce1d45b36a3cdd77eabff402282bf41c5cb8e01ef3ae5e65cda32eb
#33 exporting config sha256:41fb12e10ce1d45b36a3cdd77eabff402282bf41c5cb8e01ef3ae5e65cda32eb 0.5s done
#33 exporting attestation manifest sha256:b0ab096e73a3b46443b2fd9836d985be2f2904122cd3f26d4c1c1ce9e65e269f
#33 exporting attestation manifest sha256:b0ab096e73a3b46443b2fd9836d985be2f2904122cd3f26d4c1c1ce9e65e269f 0.1s done
#33 exporting manifest list sha256:975bc153b32d5dbade543b33a604a7fef8f73bf97fcafa61e522bb28c241a3f1 0.1s done
#33 naming to docker.io/library/code-management-full-api:75661c6
#33 naming to docker.io/library/code-management-full-api:75661c6 done
#33 unpacking to docker.io/library/code-management-full-api:75661c6
#33 unpacking to docker.io/library/code-management-full-api:75661c6 2.6s done
#33 DONE 8.6s

#34 resolving provenance for metadata file
#34 DONE 1.0s
 Image code-management-full-api:75661c6 Built 
