 Image code-management-full-api:75661c6 Building 
#1 [internal] load local bake definitions
#1 reading from stdin 1.75kB done
#1 DONE 0.0s

#2 [internal] load build definition from backend.Dockerfile
#2 transferring dockerfile: 38B 0.1s
#2 transferring dockerfile: 2.63kB 0.1s done
#2 DONE 0.2s

#3 [internal] load metadata for docker.io/library/python:3.12-slim
#3 DONE 5.2s

#4 [internal] load .dockerignore
#4 transferring context: 289B 0.0s done
#4 DONE 0.1s

#5 [internal] load build context
#5 DONE 0.0s

#6 [runtime  5/21] ADD --checksum=sha256:e57f64187974277726a3417ca6f181ec5403676c717672eef6a748a7b20e0106 https://raw.githubusercontent.com/nltk/nltk_data/550b6625bcef1f2abff2ff770a5a0d272c9c6b2a/packages/tokenizers/punkt_tab.zip /tmp/punkt_tab.zip
#6 DONE 0.0s

#7 [builder 1/6] FROM docker.io/library/python:3.12-slim@sha256:2f17fc044b579bab302c2e8054d3a686e2cb9a83de48e70534b94cd8ebbe06a9
#7 resolve docker.io/library/python:3.12-slim@sha256:2f17fc044b579bab302c2e8054d3a686e2cb9a83de48e70534b94cd8ebbe06a9
#7 resolve docker.io/library/python:3.12-slim@sha256:2f17fc044b579bab302c2e8054d3a686e2cb9a83de48e70534b94cd8ebbe06a9 0.1s done
#7 DONE 0.1s

#5 [internal] load build context
#5 transferring context: 39.80kB 0.2s done
#5 DONE 0.3s

#8 [builder 6/6] RUN pip install --no-cache-dir --prefix=/install /build/backend -r /build/catalog-requirements.txt
#8 CACHED

#9 [runtime  2/21] RUN apt-get update && apt-get install -y --no-install-recommends libglib2.0-0 libgl1     && rm -rf /var/lib/apt/lists/*     && groupadd --gid 10001 appuser     && useradd --uid 10001 --gid 10001 --create-home appuser
#9 CACHED

#10 [runtime  3/21] WORKDIR /app
#10 CACHED

#11 [builder 5/6] COPY extensions/requirements.txt /build/catalog-requirements.txt
#11 CACHED

#12 [runtime  4/21] COPY --from=builder /install /usr/local
#12 CACHED

#13 [runtime  5/21] ADD --checksum=sha256:e57f64187974277726a3417ca6f181ec5403676c717672eef6a748a7b20e0106 https://raw.githubusercontent.com/nltk/nltk_data/550b6625bcef1f2abff2ff770a5a0d272c9c6b2a/packages/tokenizers/punkt_tab.zip /tmp/punkt_tab.zip
#13 CACHED

#14 [runtime  6/21] RUN python -m zipfile -e /tmp/punkt_tab.zip /usr/local/share/nltk_data/tokenizers && rm /tmp/punkt_tab.zip
#14 CACHED

#15 [builder 2/6] WORKDIR /build
#15 CACHED

#16 [builder 3/6] RUN apt-get update && apt-get install -y --no-install-recommends build-essential git     && rm -rf /var/lib/apt/lists/*
#16 CACHED

#17 [builder 4/6] COPY upstream/backend /build/backend
#17 CACHED

#18 [runtime  7/21] COPY --chown=10001:10001 upstream/backend /app
#18 CACHED

#19 [runtime  8/21] COPY --chown=10001:10001 extensions/code_agent /app/code_agent
#19 DONE 0.4s

#20 [runtime  9/21] COPY deploy/patch_backend.py /tmp/patch_backend.py
#20 DONE 0.1s

#21 [runtime 10/21] RUN python /tmp/patch_backend.py /app
#21 DONE 1.1s

#22 [runtime 11/21] COPY deploy/patch_provider.py /tmp/patch_provider.py
#22 DONE 0.2s

#23 [runtime 12/21] RUN python /tmp/patch_provider.py /app
#23 DONE 1.0s

#24 [runtime 13/21] COPY deploy/patch_reranker.py /tmp/patch_reranker.py
#24 DONE 0.1s

#25 [runtime 14/21] RUN python /tmp/patch_reranker.py /app
#25 DONE 0.8s

#26 [runtime 15/21] COPY deploy/patch_local_access.py /tmp/patch_local_access.py
#26 DONE 0.1s

#27 [runtime 16/21] RUN python /tmp/patch_local_access.py /app
#27 DONE 0.8s

#28 [runtime 17/21] COPY deploy/patch_chunking.py /tmp/patch_chunking.py
#28 DONE 0.1s

#29 [runtime 18/21] RUN python /tmp/patch_chunking.py /app
#29 DONE 0.6s

#30 [runtime 19/21] COPY deploy/patch_monitoring.py /tmp/patch_monitoring.py
#30 DONE 0.1s

#31 [runtime 20/21] RUN python /tmp/patch_monitoring.py /app
#31 DONE 0.7s

#32 [runtime 21/21] RUN mkdir -p /app/uploads /app/run /watch /home/appuser/.cache /app/private-settings     && chown -R 10001:10001 /app/uploads /app/run /watch /home/appuser/.cache /app/private-settings
#32 DONE 0.4s

#33 exporting to image
#33 exporting layers
#33 exporting layers 0.9s done
#33 exporting manifest sha256:6454444d2190ae147a5df82b4f7f93ba63704ce0a239d876d9bc611e61f2280a 0.0s done
#33 exporting config sha256:0771d357aa6ce9a60adde0fdebbc750e468399e65687490d3680adb0ae2b8b98 0.0s done
#33 exporting attestation manifest sha256:cf5176493ab4d6a0f79e82ceb5da19b2a13afea6fc8edad7b6575d478cb5ec65 0.0s done
#33 exporting manifest list sha256:368d4eee19cfb88714233e5fa6da027090265e5830af8148ac08681fa73b3961
#33 exporting manifest list sha256:368d4eee19cfb88714233e5fa6da027090265e5830af8148ac08681fa73b3961 0.0s done
#33 naming to docker.io/library/code-management-full-api:75661c6 0.0s done
#33 unpacking to docker.io/library/code-management-full-api:75661c6
#33 unpacking to docker.io/library/code-management-full-api:75661c6 0.7s done
#33 DONE 2.0s

#34 resolving provenance for metadata file
#34 DONE 0.2s
 Image code-management-full-api:75661c6 Built 
