 Image code-management-full-api:75661c6 Building 
#1 [internal] load local bake definitions
#1 reading from stdin 1.75kB 0.0s done
#1 DONE 0.0s

#2 [internal] load build definition from backend.Dockerfile
#2 DONE 0.0s

#2 [internal] load build definition from backend.Dockerfile
#2 transferring dockerfile: 2.63kB done
#2 DONE 0.1s

#3 [internal] load metadata for docker.io/library/python:3.12-slim
#3 DONE 1.9s

#4 [internal] load .dockerignore
#4 transferring context: 289B 0.0s done
#4 DONE 0.0s

#5 [internal] load build context
#5 DONE 0.0s

#6 [runtime  5/21] ADD --checksum=sha256:e57f64187974277726a3417ca6f181ec5403676c717672eef6a748a7b20e0106 https://raw.githubusercontent.com/nltk/nltk_data/550b6625bcef1f2abff2ff770a5a0d272c9c6b2a/packages/tokenizers/punkt_tab.zip /tmp/punkt_tab.zip
#6 DONE 0.0s

#7 [builder 1/6] FROM docker.io/library/python:3.12-slim@sha256:2f17fc044b579bab302c2e8054d3a686e2cb9a83de48e70534b94cd8ebbe06a9
#7 resolve docker.io/library/python:3.12-slim@sha256:2f17fc044b579bab302c2e8054d3a686e2cb9a83de48e70534b94cd8ebbe06a9 0.1s done
#7 DONE 0.1s

#5 [internal] load build context
#5 transferring context: 44.47kB 0.1s done
#5 DONE 0.1s

#8 [runtime  5/21] ADD --checksum=sha256:e57f64187974277726a3417ca6f181ec5403676c717672eef6a748a7b20e0106 https://raw.githubusercontent.com/nltk/nltk_data/550b6625bcef1f2abff2ff770a5a0d272c9c6b2a/packages/tokenizers/punkt_tab.zip /tmp/punkt_tab.zip
#8 CACHED

#9 [runtime  3/21] WORKDIR /app
#9 CACHED

#10 [builder 2/6] WORKDIR /build
#10 CACHED

#11 [builder 6/6] RUN pip install --no-cache-dir --prefix=/install /build/backend -r /build/catalog-requirements.txt
#11 CACHED

#12 [runtime  2/21] RUN apt-get update && apt-get install -y --no-install-recommends libglib2.0-0 libgl1     && rm -rf /var/lib/apt/lists/*     && groupadd --gid 10001 appuser     && useradd --uid 10001 --gid 10001 --create-home appuser
#12 CACHED

#13 [builder 3/6] RUN apt-get update && apt-get install -y --no-install-recommends build-essential git     && rm -rf /var/lib/apt/lists/*
#13 CACHED

#14 [builder 4/6] COPY upstream/backend /build/backend
#14 CACHED

#15 [runtime  4/21] COPY --from=builder /install /usr/local
#15 CACHED

#16 [runtime  6/21] RUN python -m zipfile -e /tmp/punkt_tab.zip /usr/local/share/nltk_data/tokenizers && rm /tmp/punkt_tab.zip
#16 CACHED

#17 [builder 5/6] COPY extensions/requirements.txt /build/catalog-requirements.txt
#17 CACHED

#18 [runtime  7/21] COPY --chown=10001:10001 upstream/backend /app
#18 CACHED

#19 [runtime  8/21] COPY --chown=10001:10001 extensions/code_agent /app/code_agent
#19 DONE 0.2s

#20 [runtime  9/21] COPY deploy/patch_backend.py /tmp/patch_backend.py
#20 DONE 0.1s

#21 [runtime 10/21] RUN python /tmp/patch_backend.py /app
#21 DONE 0.7s

#22 [runtime 11/21] COPY deploy/patch_provider.py /tmp/patch_provider.py
#22 DONE 0.1s

#23 [runtime 12/21] RUN python /tmp/patch_provider.py /app
#23 DONE 0.8s

#24 [runtime 13/21] COPY deploy/patch_reranker.py /tmp/patch_reranker.py
#24 DONE 0.1s

#25 [runtime 14/21] RUN python /tmp/patch_reranker.py /app
#25 DONE 0.5s

#26 [runtime 15/21] COPY deploy/patch_local_access.py /tmp/patch_local_access.py
#26 DONE 0.1s

#27 [runtime 16/21] RUN python /tmp/patch_local_access.py /app
#27 DONE 0.6s

#28 [runtime 17/21] COPY deploy/patch_chunking.py /tmp/patch_chunking.py
#28 DONE 0.1s

#29 [runtime 18/21] RUN python /tmp/patch_chunking.py /app
#29 DONE 0.6s

#30 [runtime 19/21] COPY deploy/patch_monitoring.py /tmp/patch_monitoring.py
#30 DONE 0.1s

#31 [runtime 20/21] RUN python /tmp/patch_monitoring.py /app
#31 DONE 0.4s

#32 [runtime 21/21] RUN mkdir -p /app/uploads /app/run /watch /home/appuser/.cache /app/private-settings     && chown -R 10001:10001 /app/uploads /app/run /watch /home/appuser/.cache /app/private-settings
#32 DONE 0.2s

#33 exporting to image
#33 exporting layers
#33 exporting layers 0.5s done
#33 exporting manifest sha256:0e4de4173bbdd5d847ad14baf5c2dc7628ebfb6a789f42b7d9ec1dee6a1e57d3 0.0s done
#33 exporting config sha256:109b6df32efe89e7f710df93af766af4dd5895d96756813189bbbde95f7bce80 0.0s done
#33 exporting attestation manifest sha256:074b07b2550d6ed7012e63bddb85b1e24510d9ffb4e9210c8c5507526821723c done
#33 exporting manifest list sha256:61822c4b8b7190f76b53330ac575718c5a7ecb3be8173cd237b0032e36c3e95d 0.0s done
#33 naming to docker.io/library/code-management-full-api:75661c6 done
#33 unpacking to docker.io/library/code-management-full-api:75661c6
#33 unpacking to docker.io/library/code-management-full-api:75661c6 0.3s done
#33 DONE 1.0s

#34 resolving provenance for metadata file
#34 DONE 0.0s
 Image code-management-full-api:75661c6 Built 
