 Image code-management-full-api:75661c6 Building 
#1 [internal] load local bake definitions
#1 reading from stdin 1.75kB done
#1 DONE 0.0s

#2 [internal] load build definition from backend.Dockerfile
#2 transferring dockerfile: 2.63kB done
#2 DONE 0.0s

#3 [internal] load metadata for docker.io/library/python:3.12-slim
#3 DONE 1.7s

#4 [internal] load .dockerignore
#4 transferring context: 289B done
#4 DONE 0.0s

#5 [runtime  5/21] ADD --checksum=sha256:e57f64187974277726a3417ca6f181ec5403676c717672eef6a748a7b20e0106 https://raw.githubusercontent.com/nltk/nltk_data/550b6625bcef1f2abff2ff770a5a0d272c9c6b2a/packages/tokenizers/punkt_tab.zip /tmp/punkt_tab.zip
#5 DONE 0.0s

#6 [builder 1/6] FROM docker.io/library/python:3.12-slim@sha256:2f17fc044b579bab302c2e8054d3a686e2cb9a83de48e70534b94cd8ebbe06a9
#6 resolve docker.io/library/python:3.12-slim@sha256:2f17fc044b579bab302c2e8054d3a686e2cb9a83de48e70534b94cd8ebbe06a9 0.0s done
#6 DONE 0.0s

#7 [internal] load build context
#7 transferring context: 57.69kB 0.0s done
#7 DONE 0.0s

#8 [builder 3/6] RUN apt-get update && apt-get install -y --no-install-recommends build-essential git     && rm -rf /var/lib/apt/lists/*
#8 CACHED

#9 [runtime  3/21] WORKDIR /app
#9 CACHED

#10 [builder 5/6] COPY extensions/requirements.txt /build/catalog-requirements.txt
#10 CACHED

#11 [builder 6/6] RUN pip install --no-cache-dir --prefix=/install /build/backend -r /build/catalog-requirements.txt
#11 CACHED

#12 [runtime  5/21] ADD --checksum=sha256:e57f64187974277726a3417ca6f181ec5403676c717672eef6a748a7b20e0106 https://raw.githubusercontent.com/nltk/nltk_data/550b6625bcef1f2abff2ff770a5a0d272c9c6b2a/packages/tokenizers/punkt_tab.zip /tmp/punkt_tab.zip
#12 CACHED

#13 [builder 4/6] COPY upstream/backend /build/backend
#13 CACHED

#14 [builder 2/6] WORKDIR /build
#14 CACHED

#15 [runtime  6/21] RUN python -m zipfile -e /tmp/punkt_tab.zip /usr/local/share/nltk_data/tokenizers && rm /tmp/punkt_tab.zip
#15 CACHED

#16 [runtime  4/21] COPY --from=builder /install /usr/local
#16 CACHED

#17 [runtime  2/21] RUN apt-get update && apt-get install -y --no-install-recommends libglib2.0-0 libgl1     && rm -rf /var/lib/apt/lists/*     && groupadd --gid 10001 appuser     && useradd --uid 10001 --gid 10001 --create-home appuser
#17 CACHED

#18 [runtime  7/21] COPY --chown=10001:10001 upstream/backend /app
#18 CACHED

#19 [runtime  8/21] COPY --chown=10001:10001 extensions/code_agent /app/code_agent
#19 DONE 0.1s

#20 [runtime  9/21] COPY deploy/patch_backend.py /tmp/patch_backend.py
#20 DONE 0.0s

#21 [runtime 10/21] RUN python /tmp/patch_backend.py /app
#21 DONE 0.5s

#22 [runtime 11/21] COPY deploy/patch_provider.py /tmp/patch_provider.py
#22 DONE 0.1s

#23 [runtime 12/21] RUN python /tmp/patch_provider.py /app
#23 DONE 0.4s

#24 [runtime 13/21] COPY deploy/patch_reranker.py /tmp/patch_reranker.py
#24 DONE 0.0s

#25 [runtime 14/21] RUN python /tmp/patch_reranker.py /app
#25 DONE 0.3s

#26 [runtime 15/21] COPY deploy/patch_local_access.py /tmp/patch_local_access.py
#26 DONE 0.0s

#27 [runtime 16/21] RUN python /tmp/patch_local_access.py /app
#27 DONE 0.3s

#28 [runtime 17/21] COPY deploy/patch_chunking.py /tmp/patch_chunking.py
#28 DONE 0.0s

#29 [runtime 18/21] RUN python /tmp/patch_chunking.py /app
#29 DONE 0.3s

#30 [runtime 19/21] COPY deploy/patch_monitoring.py /tmp/patch_monitoring.py
#30 DONE 0.0s

#31 [runtime 20/21] RUN python /tmp/patch_monitoring.py /app
#31 DONE 0.2s

#32 [runtime 21/21] RUN mkdir -p /app/uploads /app/run /watch /home/appuser/.cache /app/private-settings     && chown -R 10001:10001 /app/uploads /app/run /watch /home/appuser/.cache /app/private-settings
#32 DONE 0.2s

#33 exporting to image
#33 exporting layers
#33 exporting layers 0.3s done
#33 exporting manifest sha256:b84dd74748718f894224a27b866032713622a853d2ec66f85352b15fba865f75 done
#33 exporting config sha256:6cda96bfad59b198b34f05759e533a301e8dbbcb363f383e151077bd6ec36406 done
#33 exporting attestation manifest sha256:97bcef115dd785f75c325634eb1c1f4e554f9b5bbf3d5a0cc15c7d2f1e77b42e done
#33 exporting manifest list sha256:7c3ee8e7f816f28cc4638b7f0b239ff60ac8a5816e15f0d96496695c4773b5da done
#33 naming to docker.io/library/code-management-full-api:75661c6 done
#33 unpacking to docker.io/library/code-management-full-api:75661c6
#33 unpacking to docker.io/library/code-management-full-api:75661c6 0.2s done
#33 DONE 0.5s

#34 resolving provenance for metadata file
#34 DONE 0.0s
 Image code-management-full-api:75661c6 Built 
