 Image code-management-full-api:75661c6 Building 
#1 [internal] load local bake definitions
#1 reading from stdin 1.75kB 0.1s done
#1 DONE 0.5s

#2 [internal] load build definition from backend.Dockerfile
#2 DONE 0.0s

#2 [internal] load build definition from backend.Dockerfile
#2 transferring dockerfile:
#2 transferring dockerfile: 2.54kB 3.2s done
#2 DONE 22.6s

#3 [internal] load metadata for docker.io/library/python:3.12-slim
#3 ERROR: unable to lease content: lease does not exist: not found
------
 > [internal] load metadata for docker.io/library/python:3.12-slim:
------
backend.Dockerfile:10

--------------------

   8 |     RUN pip install --no-cache-dir --prefix=/install /build/backend -r /build/catalog-requirements.txt

   9 |     

  10 | >>> FROM python:3.12-slim AS runtime

  11 |     ENV PYTHONUNBUFFERED=1 PYTHONDONTWRITEBYTECODE=1 \

  12 |         HOME=/home/appuser HF_HOME=/home/appuser/.cache/huggingface \

--------------------

failed to solve: python:3.12-slim: failed to resolve source metadata for docker.io/library/python:3.12-slim: unable to lease content: lease does not exist: not found



View build details: docker-desktop://dashboard/build/default/default/rkhqwvislwe7j2xsgbowbwun9

